// Jest Snapshot v1, https://goo.gl/fbAQLP

exports[`Login Actions dispatch actions for login 1`] = `<loginAction />`;
