// Jest Snapshot v1, https://goo.gl/fbAQLP

exports[`App should render correctly 1`] = `
<div>
  <h1>
     Welcome to the Store Manager App 
  </h1>
</div>
`;
